projects/amazon-trend-analyzer/qb_chunks/page_648_skip648000.csv
ASIN Buyability Flag,asin_status,CVR%,revenue,asp,units,gv,Images #,Videos #,Has A+ Content,Buybox Winner,Average Rating,Number of Ratings,bb_price,Ad CTR%,Ad CVR%,bsr,brand,Ad CPC$,ASIN (Description),Update Type,Sold By Amazon,Has Coupon?,Has Store Link?,In Stock Today?,category,Sellable On Hand Units,asin,date,Ad Cost,Ad Sales,Ad Clicks,Ad Impressions,Ad Conversions
In Stock,ACTIVE,0.291,298.0,11.9,25.0,86.0,6.0,0.0,True,,4.3,11657.0,11.89,,,18.0,Clorox,,B0DFCZ3M9B (Clorox Fraganzia - In-Wash Scent Booster Crystals - 70oz - Cedarwood and Sage),[],True,False,True,False,Laundry,1309.0,B0DFCZ3M9B,2026-03-27,,,,,
In Stock,ACTIVE,0.168,233.0,11.67,20.0,119.0,6.0,0.0,True,,4.3,11641.0,11.68,,,16.0,Clorox,,B0DFCZ3M9B (Clorox Fraganzia - In-Wash Scent Booster Crystals - 70oz - Cedarwood and Sage),[],True,False,True,False,Laundry,1210.0,B0DFCZ3M9B,2026-03-25,,,,,
In Stock,ACTIVE,0.144,245.0,11.67,21.0,146.0,6.0,0.0,True,,4.3,11633.0,11.68,,,16.0,Clorox,,B0DFCZ3M9B (Clorox Fraganzia - In-Wash Scent Booster Crystals - 70oz - Cedarwood and Sage),[],True,False,True,False,Laundry,1128.0,B0DFCZ3M9B,2026-03-24,,,,,
In Stock,ACTIVE,0.196,211.0,11.71,18.0,92.0,6.0,0.0,True,,4.3,11626.0,11.71,,,17.0,Clorox,,B0DFCZ3M9B (Clorox Fraganzia - In-Wash Scent Booster Crystals - 70oz - Cedarwood and Sage),[],True,False,True,False,Laundry,1174.0,B0DFCZ3M9B,2026-03-23,,,,,
In Stock,ACTIVE,0.318,574.0,11.71,49.0,154.0,6.0,0.0,True,,4.3,11621.0,11.71,,,18.0,Clorox,,B0DFCZ3M9B (Clorox Fraganzia - In-Wash Scent Booster Crystals - 70oz - Cedarwood and Sage),[],True,False,True,False,Laundry,1263.0,B0DFCZ3M9B,2026-03-22,,,,,
In Stock,ACTIVE,0.247,538.0,11.71,46.0,186.0,6.0,0.0,True,,4.3,11616.0,11.71,,,17.0,Clorox,,B0DFCZ3M9B (Clorox Fraganzia - In-Wash Scent Booster Crystals - 70oz - Cedarwood and Sage),[],True,False,True,False,Laundry,1258.0,B0DFCZ3M9B,2026-03-21,,,,,
In Stock,ACTIVE,0.262,375.0,11.71,32.0,122.0,6.0,0.0,True,,4.3,11609.0,11.71,,,17.0,Clorox,,B0DFCZ3M9B (Clorox Fraganzia - In-Wash Scent Booster Crystals - 70oz - Cedarwood and Sage),[],True,False,True,False,Laundry,1162.0,B0DFCZ3M9B,2026-03-20,,,,,
In Stock,ACTIVE,0.276,281.0,11.72,24.0,87.0,6.0,0.0,True,,4.3,11598.0,11.72,,,17.0,Clorox,,B0DFCZ3M9B (Clorox Fraganzia - In-Wash Scent Booster Crystals - 70oz - Cedarwood and Sage),[],True,False,True,False,Laundry,1140.0,B0DFCZ3M9B,2026-03-19,,,,,
In Stock,ACTIVE,0.252,489.0,11.92,41.0,163.0,6.0,0.0,True,,4.3,11585.0,11.93,,,19.0,Clorox,,B0DFCZ3M9B (Clorox Fraganzia - In-Wash Scent Booster Crystals - 70oz - Cedarwood and Sage),[],True,False,True,False,Laundry,1199.0,B0DFCZ3M9B,2026-03-18,,,,,
In Stock,ACTIVE,0.347,405.0,11.92,34.0,98.0,6.0,0.0,True,,4.3,11550.0,11.93,,,20.0,Clorox,,B0DFCZ3M9B (Clorox Fraganzia - In-Wash Scent Booster Crystals - 70oz - Cedarwood and Sage),[],True,False,True,False,Laundry,1242.0,B0DFCZ3M9B,2026-03-17,,,,,
In Stock,ACTIVE,0.202,262.0,11.91,22.0,109.0,6.0,0.0,True,,4.3,11550.0,11.93,,,17.0,Clorox,,B0DFCZ3M9B (Clorox Fraganzia - In-Wash Scent Booster Crystals - 70oz - Cedarwood and Sage),[],True,False,True,False,Laundry,1140.0,B0DFCZ3M9B,2026-03-16,,,,,
In Stock,ACTIVE,0.278,418.0,11.93,35.0,126.0,6.0,0.0,True,,4.3,11550.0,11.94,,,16.0,Clorox,,B0DFCZ3M9B (Clorox Fraganzia - In-Wash Scent Booster Crystals - 70oz - Cedarwood and Sage),[],True,False,True,False,Laundry,1169.0,B0DFCZ3M9B,2026-03-15,,,,,
In Stock,ACTIVE,0.173,275.0,11.94,23.0,133.0,6.0,0.0,True,,4.3,11545.0,11.94,,,17.0,Clorox,,B0DFCZ3M9B (Clorox Fraganzia - In-Wash Scent Booster Crystals - 70oz - Cedarwood and Sage),[],True,False,True,False,Laundry,1197.0,B0DFCZ3M9B,2026-03-14,,,,,
In Stock,ACTIVE,0.246,382.0,11.92,32.0,130.0,6.0,0.0,True,,4.3,11538.0,11.89,,,17.0,Clorox,,B0DFCZ3M9B (Clorox Fraganzia - In-Wash Scent Booster Crystals - 70oz - Cedarwood and Sage),[],True,False,True,False,Laundry,1217.0,B0DFCZ3M9B,2026-03-13,,,,,
In Stock,ACTIVE,0.195,273.0,11.89,23.0,118.0,6.0,0.0,True,,4.3,11534.0,11.82,,,17.0,Clorox,,B0DFCZ3M9B (Clorox Fraganzia - In-Wash Scent Booster Crystals - 70oz - Cedarwood and Sage),[],True,False,True,False,Laundry,1231.0,B0DFCZ3M9B,2026-03-12,,,,,
In Stock,ACTIVE,0.219,390.0,11.82,33.0,151.0,6.0,0.0,True,,4.3,11526.0,11.82,,,15.0,Clorox,,B0DFCZ3M9B (Clorox Fraganzia - In-Wash Scent Booster Crystals - 70oz - Cedarwood and Sage),[],True,False,True,False,Laundry,1170.0,B0DFCZ3M9B,2026-03-11,,,,,
In Stock,ACTIVE,0.36,531.0,11.8,45.0,125.0,6.0,0.0,True,,4.3,11518.0,11.82,,,15.0,Clorox,,B0DFCZ3M9B (Clorox Fraganzia - In-Wash Scent Booster Crystals - 70oz - Cedarwood and Sage),[],True,False,True,False,Laundry,1151.0,B0DFCZ3M9B,2026-03-10,,,,,
In Stock,ACTIVE,0.313,414.0,11.82,35.0,112.0,6.0,0.0,True,,4.3,11509.0,11.82,,,15.0,Clorox,,B0DFCZ3M9B (Clorox Fraganzia - In-Wash Scent Booster Crystals - 70oz - Cedarwood and Sage),[],True,False,True,False,Laundry,1107.0,B0DFCZ3M9B,2026-03-09,,,,,
In Stock,ACTIVE,0.199,344.0,11.87,29.0,146.0,6.0,0.0,True,,4.3,11499.0,11.87,,,16.0,Clorox,,B0DFCZ3M9B (Clorox Fraganzia - In-Wash Scent Booster Crystals - 70oz - Cedarwood and Sage),[],True,False,True,False,Laundry,1085.0,B0DFCZ3M9B,2026-03-08,,,,,
In Stock,ACTIVE,0.235,429.0,11.91,36.0,153.0,6.0,0.0,True,,4.3,11488.0,11.93,,,16.0,Clorox,,B0DFCZ3M9B (Clorox Fraganzia - In-Wash Scent Booster Crystals - 70oz - Cedarwood and Sage),[],True,False,True,False,Laundry,1112.0,B0DFCZ3M9B,2026-03-07,,,,,
In Stock,ACTIVE,0.25,394.0,11.93,33.0,132.0,6.0,0.0,True,,4.3,11478.0,11.93,,,16.0,Clorox,,B0DFCZ3M9B (Clorox Fraganzia - In-Wash Scent Booster Crystals - 70oz - Cedarwood and Sage),[],True,False,True,False,Laundry,1119.0,B0DFCZ3M9B,2026-03-06,,,,,
In Stock,ACTIVE,0.286,334.0,11.95,28.0,98.0,6.0,0.0,True,,4.3,11468.0,11.99,,,17.0,Clorox,,B0DFCZ3M9B (Clorox Fraganzia - In-Wash Scent Booster Crystals - 70oz - Cedarwood and Sage),[],True,False,True,False,Laundry,1280.0,B0DFCZ3M9B,2026-03-05,,,,,
In Stock,ACTIVE,0.296,480.0,11.99,40.0,135.0,6.0,0.0,True,,4.3,11462.0,11.99,,,17.0,Clorox,,B0DFCZ3M9B (Clorox Fraganzia - In-Wash Scent Booster Crystals - 70oz - Cedarwood and Sage),[],True,False,True,False,Laundry,1003.0,B0DFCZ3M9B,2026-03-04,,,,,
In Stock,ACTIVE,0.287,401.0,12.15,33.0,115.0,6.0,0.0,True,,4.3,11460.0,12.18,,,16.0,Clorox,,B0DFCZ3M9B (Clorox Fraganzia - In-Wash Scent Booster Crystals - 70oz - Cedarwood and Sage),[],True,False,True,False,Laundry,997.0,B0DFCZ3M9B,2026-03-03,,,,,
In Stock,ACTIVE,0.253,463.0,12.53,37.0,146.0,6.0,0.0,True,,4.3,11447.0,12.58,,,15.0,Clorox,,B0DFCZ3M9B (Clorox Fraganzia - In-Wash Scent Booster Crystals - 70oz - Cedarwood and Sage),[],True,False,True,False,Laundry,1143.0,B0DFCZ3M9B,2026-03-02,,,,,
In Stock,ACTIVE,0.217,603.0,12.57,48.0,221.0,6.0,0.0,True,,4.3,11446.0,12.57,,,15.0,Clorox,,B0DFCZ3M9B (Clorox Fraganzia - In-Wash Scent Booster Crystals - 70oz - Cedarwood and Sage),[],True,False,True,False,Laundry,959.0,B0DFCZ3M9B,2026-03-01,,,,,
In Stock,ACTIVE,0.229,578.0,12.57,46.0,201.0,6.0,0.0,True,,4.3,11440.0,12.57,,,16.0,Clorox,,B0DFCZ3M9B (Clorox Fraganzia - In-Wash Scent Booster Crystals - 70oz - Cedarwood and Sage),[],True,False,True,False,Laundry,994.0,B0DFCZ3M9B,2026-02-28,,,,,
In Stock,ACTIVE,0.347,542.0,12.6,43.0,124.0,6.0,0.0,True,,4.3,11432.0,12.58,,,15.0,Clorox,,B0DFCZ3M9B (Clorox Fraganzia - In-Wash Scent Booster Crystals - 70oz - Cedarwood and Sage),[],True,False,True,False,Laundry,1042.0,B0DFCZ3M9B,2026-02-27,,,,,
In Stock,ACTIVE,0.298,467.0,12.62,37.0,124.0,6.0,0.0,True,,4.3,11427.0,12.56,,,15.0,Clorox,,B0DFCZ3M9B (Clorox Fraganzia - In-Wash Scent Booster Crystals - 70oz - Cedarwood and Sage),[],True,False,True,False,Laundry,1084.0,B0DFCZ3M9B,2026-02-26,,,,,
In Stock,ACTIVE,0.235,494.0,12.66,39.0,166.0,6.0,0.0,True,,4.3,11417.0,12.68,,,15.0,Clorox,,B0DFCZ3M9B (Clorox Fraganzia - In-Wash Scent Booster Crystals - 70oz - Cedarwood and Sage),[],True,False,True,False,Laundry,1059.0,B0DFCZ3M9B,2026-02-25,,,,,
In Stock,ACTIVE,0.197,329.0,12.64,26.0,132.0,6.0,0.0,True,,4.3,11407.0,12.65,,,15.0,Clorox,,B0DFCZ3M9B (Clorox Fraganzia - In-Wash Scent Booster Crystals - 70oz - Cedarwood and Sage),[],True,False,True,False,Laundry,1079.0,B0DFCZ3M9B,2026-02-24,,,,,
In Stock,ACTIVE,0.241,416.0,12.61,33.0,137.0,6.0,0.0,True,,4.3,11400.0,12.66,,,15.0,Clorox,,B0DFCZ3M9B (Clorox Fraganzia - In-Wash Scent Booster Crystals - 70oz - Cedarwood and Sage),[],True,False,True,False,Laundry,1009.0,B0DFCZ3M9B,2026-02-23,,,,,
In Stock,ACTIVE,0.258,533.0,12.68,42.0,163.0,6.0,0.0,True,,4.3,11389.0,12.67,,,15.0,Clorox,,B0DFCZ3M9B (Clorox Fraganzia - In-Wash Scent Booster Crystals - 70oz - Cedarwood and Sage),[],True,False,True,False,Laundry,1007.0,B0DFCZ3M9B,2026-02-22,,,,,
In Stock,ACTIVE,0.157,593.0,12.62,47.0,299.0,6.0,0.0,True,,4.3,11386.0,12.63,,,15.0,Clorox,,B0DFCZ3M9B (Clorox Fraganzia - In-Wash Scent Booster Crystals - 70oz - Cedarwood and Sage),[],True,False,True,False,Laundry,970.0,B0DFCZ3M9B,2026-02-21,,,,,
In Stock,ACTIVE,0.271,394.0,12.3,32.0,118.0,6.0,0.0,True,,4.3,11351.0,12.53,,,15.0,Clorox,,B0DFCZ3M9B (Clorox Fraganzia - In-Wash Scent Booster Crystals - 70oz - Cedarwood and Sage),[],True,False,True,False,Laundry,1002.0,B0DFCZ3M9B,2026-02-20,,,,,
In Stock,ACTIVE,0.304,388.0,12.51,31.0,102.0,6.0,0.0,True,,4.3,11351.0,12.53,,,15.0,Clorox,,B0DFCZ3M9B (Clorox Fraganzia - In-Wash Scent Booster Crystals - 70oz - Cedarwood and Sage),[],True,False,True,False,Laundry,1113.0,B0DFCZ3M9B,2026-02-19,,,,,
In Stock,ACTIVE,0.323,394.0,12.32,32.0,99.0,6.0,0.0,True,,4.3,11351.0,12.53,,,15.0,Clorox,,B0DFCZ3M9B (Clorox Fraganzia - In-Wash Scent Booster Crystals - 70oz - Cedarwood and Sage),[],True,False,True,False,Laundry,1042.0,B0DFCZ3M9B,2026-02-18,,,,,
In Stock,ACTIVE,0.15,205.0,12.82,16.0,107.0,6.0,0.0,True,,4.3,11351.0,12.53,,,14.0,Clorox,,B0DFCZ3M9B (Clorox Fraganzia - In-Wash Scent Booster Crystals - 70oz - Cedarwood and Sage),[],True,False,True,False,Laundry,980.0,B0DFCZ3M9B,2026-02-17,,,,,
In Stock,ACTIVE,0.231,488.0,12.51,39.0,169.0,6.0,0.0,True,,4.3,11351.0,12.53,,,14.0,Clorox,,B0DFCZ3M9B (Clorox Fraganzia - In-Wash Scent Booster Crystals - 70oz - Cedarwood and Sage),[],True,False,True,False,Laundry,949.0,B0DFCZ3M9B,2026-02-16,,,,,
In Stock,ACTIVE,0.206,399.0,11.4,35.0,170.0,6.0,0.0,True,,4.3,11342.0,11.37,,,14.0,Clorox,,B0DFCZ3M9B (Clorox Fraganzia - In-Wash Scent Booster Crystals - 70oz - Cedarwood and Sage),[],True,False,True,False,Laundry,926.0,B0DFCZ3M9B,2026-02-15,,,,,
In Stock,ACTIVE,0.199,375.0,11.36,33.0,166.0,6.0,0.0,True,,4.3,11336.0,11.38,,,15.0,Clorox,,B0DFCZ3M9B (Clorox Fraganzia - In-Wash Scent Booster Crystals - 70oz - Cedarwood and Sage),[],True,False,True,False,Laundry,910.0,B0DFCZ3M9B,2026-02-14,,,,,
In Stock,ACTIVE,0.223,375.0,11.38,33.0,148.0,6.0,0.0,True,,4.3,11333.0,11.37,,,15.0,Clorox,,B0DFCZ3M9B (Clorox Fraganzia - In-Wash Scent Booster Crystals - 70oz - Cedarwood and Sage),[],True,False,True,False,Laundry,999.0,B0DFCZ3M9B,2026-02-13,,,,,
In Stock,ACTIVE,0.206,250.0,11.36,22.0,107.0,6.0,0.0,True,,4.3,11323.0,11.37,,,15.0,Clorox,,B0DFCZ3M9B (Clorox Fraganzia - In-Wash Scent Booster Crystals - 70oz - Cedarwood and Sage),[],True,False,True,False,Laundry,920.0,B0DFCZ3M9B,2026-02-12,,,,,
In Stock,ACTIVE,0.37,457.0,11.41,40.0,108.0,6.0,0.0,True,,4.3,11308.0,11.42,,,15.0,Clorox,,B0DFCZ3M9B (Clorox Fraganzia - In-Wash Scent Booster Crystals - 70oz - Cedarwood and Sage),[],True,False,True,False,Laundry,873.0,B0DFCZ3M9B,2026-02-11,,,,,
In Stock,ACTIVE,0.447,434.0,11.42,38.0,85.0,6.0,0.0,True,,4.3,11297.0,11.45,,,14.0,Clorox,,B0DFCZ3M9B (Clorox Fraganzia - In-Wash Scent Booster Crystals - 70oz - Cedarwood and Sage),[],True,False,True,False,Laundry,905.0,B0DFCZ3M9B,2026-02-10,,,,,
In Stock,ACTIVE,0.325,446.0,11.45,39.0,120.0,6.0,0.0,True,,4.3,11289.0,11.45,,,13.0,Clorox,,B0DFCZ3M9B (Clorox Fraganzia - In-Wash Scent Booster Crystals - 70oz - Cedarwood and Sage),[],True,False,True,False,Laundry,935.0,B0DFCZ3M9B,2026-02-09,,,,,
In Stock,ACTIVE,0.257,423.0,11.42,37.0,144.0,6.0,0.0,True,,4.3,11284.0,11.42,,,13.0,Clorox,,B0DFCZ3M9B (Clorox Fraganzia - In-Wash Scent Booster Crystals - 70oz - Cedarwood and Sage),[],True,False,True,False,Laundry,979.0,B0DFCZ3M9B,2026-02-08,,,,,
In Stock,ACTIVE,0.214,412.0,11.44,36.0,168.0,6.0,0.0,True,,4.3,11277.0,11.44,,,12.0,Clorox,,B0DFCZ3M9B (Clorox Fraganzia - In-Wash Scent Booster Crystals - 70oz - Cedarwood and Sage),[],True,False,True,False,Laundry,989.0,B0DFCZ3M9B,2026-02-07,,,,,
In Stock,ACTIVE,0.152,263.0,11.43,23.0,151.0,6.0,0.0,True,,4.3,11276.0,11.43,,,12.0,Clorox,,B0DFCZ3M9B (Clorox Fraganzia - In-Wash Scent Booster Crystals - 70oz - Cedarwood and Sage),[],True,False,True,False,Laundry,1018.0,B0DFCZ3M9B,2026-02-06,,,,,
In Stock,ACTIVE,0.246,343.0,11.43,30.0,122.0,6.0,0.0,True,,4.3,11249.0,11.43,,,12.0,Clorox,,B0DFCZ3M9B (Clorox Fraganzia - In-Wash Scent Booster Crystals - 70oz - Cedarwood and Sage),[],True,False,True,False,Laundry,1032.0,B0DFCZ3M9B,2026-02-05,,,,,
In Stock,ACTIVE,0.169,309.0,11.45,27.0,160.0,6.0,0.0,True,,4.3,11249.0,11.45,,,12.0,Clorox,,B0DFCZ3M9B (Clorox Fraganzia - In-Wash Scent Booster Crystals - 70oz - Cedarwood and Sage),[],True,False,True,False,Laundry,1015.0,B0DFCZ3M9B,2026-02-04,,,,,
In Stock,ACTIVE,0.233,344.0,11.47,30.0,129.0,6.0,0.0,True,,4.3,11211.0,11.48,,,12.0,Clorox,,B0DFCZ3M9B (Clorox Fraganzia - In-Wash Scent Booster Crystals - 70oz - Cedarwood and Sage),[],True,False,True,False,Laundry,1005.0,B0DFCZ3M9B,2026-02-03,,,,,
In Stock,ACTIVE,0.257,401.0,11.46,35.0,136.0,6.0,0.0,True,,4.3,11202.0,11.46,,,12.0,Clorox,,B0DFCZ3M9B (Clorox Fraganzia - In-Wash Scent Booster Crystals - 70oz - Cedarwood and Sage),[],True,False,True,False,Laundry,1035.0,B0DFCZ3M9B,2026-02-02,,,,,
In Stock,ACTIVE,0.184,470.0,11.46,41.0,223.0,18.0,0.0,True,,4.3,11192.0,11.46,,,12.0,Clorox,,B0DFCZ3M9B (Clorox Fraganzia - In-Wash Scent Booster Crystals - 70oz - Cedarwood and Sage),[],True,False,True,False,Laundry,1140.0,B0DFCZ3M9B,2026-02-01,,,,,
In Stock,ACTIVE,0.239,515.0,11.45,45.0,188.0,6.0,0.0,True,,4.3,11434.0,11.46,,,12.0,Clorox,,B0DFCZ3M9B (Clorox Fraganzia - In-Wash Scent Booster Crystals - 70oz - Cedarwood and Sage),[],True,False,True,False,Laundry,1015.0,B0DFCZ3M9B,2026-01-31,,,,,
In Stock,ACTIVE,0.212,355.0,11.45,31.0,146.0,6.0,0.0,True,,4.3,311.0,11.45,,,86.0,Clorox,,B0DFCZ3M9B (Clorox Fraganzia - In-Wash Scent Booster Crystals - 70oz - Cedarwood and Sage),[],True,False,True,False,Laundry,1057.0,B0DFCZ3M9B,2026-01-30,,,,,
In Stock,ACTIVE,0.299,401.0,11.45,35.0,117.0,6.0,0.0,True,,4.3,310.0,11.45,,,86.0,Clorox,,B0DFCZ3M9B (Clorox Fraganzia - In-Wash Scent Booster Crystals - 70oz - Cedarwood and Sage),[],True,False,True,False,Laundry,1083.0,B0DFCZ3M9B,2026-01-29,,,,,
In Stock,ACTIVE,0.627,479.0,11.4,42.0,67.0,6.0,0.0,True,,4.3,305.0,11.4,,,88.0,Clorox,,B0DFCZ3M9B (Clorox Fraganzia - In-Wash Scent Booster Crystals - 70oz - Cedarwood and Sage),[],True,False,True,False,Laundry,1132.0,B0DFCZ3M9B,2026-01-28,,,,,
In Stock,ACTIVE,0.353,342.0,11.4,30.0,85.0,6.0,0.0,True,,4.3,302.0,11.4,,,88.0,Clorox,,B0DFCZ3M9B (Clorox Fraganzia - In-Wash Scent Booster Crystals - 70oz - Cedarwood and Sage),[],True,False,True,False,Laundry,1141.0,B0DFCZ3M9B,2026-01-27,,,,,
In Stock,ACTIVE,0.206,320.0,11.43,28.0,136.0,6.0,0.0,True,,4.3,298.0,11.42,,,89.0,Clorox,,B0DFCZ3M9B (Clorox Fraganzia - In-Wash Scent Booster Crystals - 70oz - Cedarwood and Sage),[],True,False,True,False,Laundry,1170.0,B0DFCZ3M9B,2026-01-26,,,,,
In Stock,ACTIVE,0.173,342.0,11.41,30.0,173.0,6.0,0.0,True,,4.3,297.0,11.41,,,87.0,Clorox,,B0DFCZ3M9B (Clorox Fraganzia - In-Wash Scent Booster Crystals - 70oz - Cedarwood and Sage),[],True,False,True,False,Laundry,1182.0,B0DFCZ3M9B,2026-01-25,,,,,
In Stock,ACTIVE,0.224,250.0,11.37,22.0,98.0,6.0,0.0,True,,4.3,296.0,11.38,,,89.0,Clorox,,B0DFCZ3M9B (Clorox Fraganzia - In-Wash Scent Booster Crystals - 70oz - Cedarwood and Sage),[],True,False,True,False,Laundry,1202.0,B0DFCZ3M9B,2026-01-24,,,,,
In Stock,ACTIVE,0.277,262.0,11.38,23.0,83.0,6.0,0.0,True,,4.3,294.0,11.38,,,91.0,Clorox,,B0DFCZ3M9B (Clorox Fraganzia - In-Wash Scent Booster Crystals - 70oz - Cedarwood and Sage),[],True,False,True,False,Laundry,1212.0,B0DFCZ3M9B,2026-01-22,,,,,
In Stock,ACTIVE,0.262,366.0,11.44,32.0,122.0,6.0,0.0,True,,4.3,291.0,11.41,,,95.0,Clorox,,B0DFCZ3M9B (Clorox Fraganzia - In-Wash Scent Booster Crystals - 70oz - Cedarwood and Sage),[],True,False,True,False,Laundry,1180.0,B0DFCZ3M9B,2026-01-21,,,,,
In Stock,ACTIVE,0.241,319.0,11.41,28.0,116.0,6.0,0.0,True,,4.3,290.0,11.41,,,92.0,Clorox,,B0DFCZ3M9B (Clorox Fraganzia - In-Wash Scent Booster Crystals - 70oz - Cedarwood and Sage),[],True,False,True,False,Laundry,1136.0,B0DFCZ3M9B,2026-01-20,,,,,
In Stock,ACTIVE,0.23,296.0,11.39,26.0,113.0,6.0,0.0,True,,4.3,290.0,11.39,,,92.0,Clorox,,B0DFCZ3M9B (Clorox Fraganzia - In-Wash Scent Booster Crystals - 70oz - Cedarwood and Sage),[],True,False,True,False,Laundry,1102.0,B0DFCZ3M9B,2026-01-19,,,,,
In Stock,ACTIVE,0.25,387.0,11.38,34.0,136.0,6.0,0.0,True,,4.3,289.0,11.39,,,91.0,Clorox,,B0DFCZ3M9B (Clorox Fraganzia - In-Wash Scent Booster Crystals - 70oz - Cedarwood and Sage),[],True,False,True,False,Laundry,1071.0,B0DFCZ3M9B,2026-01-18,,,,,
In Stock,ACTIVE,0.252,421.0,11.38,37.0,147.0,6.0,0.0,True,,4.3,288.0,11.38,,,89.0,Clorox,,B0DFCZ3M9B (Clorox Fraganzia - In-Wash Scent Booster Crystals - 70oz - Cedarwood and Sage),[],True,False,True,False,Laundry,1105.0,B0DFCZ3M9B,2026-01-17,,,,,
In Stock,ACTIVE,0.231,239.0,11.38,21.0,91.0,6.0,0.0,True,,4.3,285.0,11.38,,,88.0,Clorox,,B0DFCZ3M9B (Clorox Fraganzia - In-Wash Scent Booster Crystals - 70oz - Cedarwood and Sage),[],True,False,True,False,Laundry,1121.0,B0DFCZ3M9B,2026-01-16,,,,,
In Stock,ACTIVE,0.302,329.0,11.33,29.0,96.0,6.0,0.0,True,,4.3,284.0,11.35,,,86.0,Clorox,,B0DFCZ3M9B (Clorox Fraganzia - In-Wash Scent Booster Crystals - 70oz - Cedarwood and Sage),[],True,False,True,False,Laundry,1074.0,B0DFCZ3M9B,2026-01-15,,,,,
